minishell: unset PWD
minishell: export PWD=lkjf
1: PWD=lkjf
name: PWD
minishell(96671,0x114f885c0) malloc: *** error for object 0x7ffee4001720: pointer being freed was not allocated
minishell(96671,0x114f885c0) malloc: *** set a breakpoint in malloc_error_break to debug
Abort trap: 6

minishell: unset PWD
minishell: unset PWD

minishell: unset PWD

minishell: unset PWD


bash-3.2$ unset a=123
bash: unset: `a=123': not a valid identifier
bash-3.2$ unset a.
bash: unset: `a.': not a valid identifier


bash-3.2$ unset SHLVL
bash-3.2$ ./minishell
Segmentation fault: 11


minishell: chmod 000 file 
minishell: < file cat | cat
minishell: file: No such file or directory

minishell: chmod 000 file
minishell:  >file cat

bash-3.2$ >file cat
bash: file: Permission denied